<?php
/**
 * Configuration file generated by ZF Apigility Admin
 */
return [
    'Laminas\\Db',
    'Laminas\\Filter',
    'Laminas\\Hydrator',
    'Laminas\\InputFilter',
    'Laminas\\Paginator',
    'Laminas\\Router',
    'Laminas\\Validator',
    'Apigility',
    'Apigility\\Documentation',
    'Apigility\\ApiProblem',
    'Apigility\\Configuration',
    'Apigility\\OAuth2',
    'Apigility\\MvcAuth',
    'Apigility\\Hal',
    'Apigility\\ContentNegotiation',
    'Apigility\\ContentValidation',
    'Apigility\\Rest',
    'Apigility\\Rpc',
    'Apigility\\Versioning',
    'StatusLib',
    'Application',
    'Status',
];
